// Vitest Snapshot v1, https://vitest.dev/guide/snapshot.html

exports[`Header component > snapshot do Header 1`] = `
<div>
  <header
    class="bg-white shadow-sm border-b border-gray-100"
  >
    <div
      class="container mx-auto px-4 py-4"
    >
      <div
        class="flex items-center justify-between"
      >
        <a
          class="flex items-center space-x-2"
          href="/"
        >
          <div
            class="text-2xl font-bold text-blue-600"
          >
            Rei do Camarão
          </div>
        </a>
        <nav
          class="hidden md:flex space-x-8"
        >
          <a
            class="text-gray-700 hover:text-blue-600 transition-colors duration-200 font-medium"
            href="/"
          >
            Home
          </a>
          <a
            class="text-gray-700 hover:text-blue-600 transition-colors duration-200 font-medium"
            href="/produtos"
          >
            Produtos
          </a>
          <a
            class="text-gray-700 hover:text-blue-600 transition-colors duration-200 font-medium"
            href="/sobre"
          >
            Sobre Nós
          </a>
          <a
            class="text-gray-700 hover:text-blue-600 transition-colors duration-200 font-medium"
            href="/contato"
          >
            Contato
          </a>
        </nav>
        <div
          class="flex items-center space-x-4"
        >
          <button
            aria-label="Abrir carrinho"
            class="p-2 text-gray-700 hover:text-blue-600 transition-colors"
            type="button"
          >
            <svg
              aria-hidden="true"
              class="w-5 h-5"
              fill="none"
              stroke="currentColor"
              viewBox="0 0 24 24"
            >
              <path
                d="M3 3h2l.4 2M7 13h10l4-8H5.4M7 13L5.4 5M7 13l-2.293 2.293c-.63.63-.184 1.707.707 1.707H17m0 0a2 2 0 100 4 2 2 0 000-4zm-8 2a2 2 0 11-4 0 2 2 0 014 0z"
                stroke-linecap="round"
                stroke-linejoin="round"
                stroke-width="2"
              />
            </svg>
          </button>
        </div>
      </div>
    </div>
  </header>
</div>
`;
